// Jest Snapshot v1, https://goo.gl/fbAQLP

exports[`Card should render correctly 1`] = `
ShallowWrapper {
  "length": 1,
  Symbol(enzyme.__root__): [Circular],
  Symbol(enzyme.__unrendered__): <Unknown />,
  Symbol(enzyme.__renderer__): Object {
    "batchedUpdates": [Function],
    "getNode": [Function],
    "render": [Function],
    "simulateEvent": [Function],
    "unmount": [Function],
  },
  Symbol(enzyme.__node__): Object {
    "instance": null,
    "key": undefined,
    "nodeType": "host",
    "props": Object {
      "children": <div
        className="roaster-card"
>
        <ul
                id="roaster-list"
        >
                
        </ul>
        <Link
                replace={false}
                to="coffee-form"
        >
                 
                <button
                        className="new-coffee"
                >
                        + NEW COFFEE
                </button>
                 
        </Link>
</div>,
    },
    "ref": null,
    "rendered": Object {
      "instance": null,
      "key": undefined,
      "nodeType": "host",
      "props": Object {
        "children": Array [
          <ul
            id="roaster-list"
>
            
</ul>,
          <Link
            replace={false}
            to="coffee-form"
>
             
            <button
                        className="new-coffee"
            >
                        + NEW COFFEE
            </button>
             
</Link>,
        ],
        "className": "roaster-card",
      },
      "ref": null,
      "rendered": Array [
        Object {
          "instance": null,
          "key": undefined,
          "nodeType": "host",
          "props": Object {
            "children": Array [],
            "id": "roaster-list",
          },
          "ref": null,
          "rendered": Array [],
          "type": "ul",
        },
        Object {
          "instance": null,
          "key": undefined,
          "nodeType": "class",
          "props": Object {
            "children": Array [
              " ",
              <button
                className="new-coffee"
>
                + NEW COFFEE
</button>,
              " ",
            ],
            "replace": false,
            "to": "coffee-form",
          },
          "ref": null,
          "rendered": Array [
            " ",
            Object {
              "instance": null,
              "key": undefined,
              "nodeType": "host",
              "props": Object {
                "children": "+ NEW COFFEE",
                "className": "new-coffee",
              },
              "ref": null,
              "rendered": "+ NEW COFFEE",
              "type": "button",
            },
            " ",
          ],
          "type": [Function],
        },
      ],
      "type": "div",
    },
    "type": "div",
  },
  Symbol(enzyme.__nodes__): Array [
    Object {
      "instance": null,
      "key": undefined,
      "nodeType": "host",
      "props": Object {
        "children": <div
          className="roaster-card"
>
          <ul
                    id="roaster-list"
          >
                    
          </ul>
          <Link
                    replace={false}
                    to="coffee-form"
          >
                     
                    <button
                              className="new-coffee"
                    >
                              + NEW COFFEE
                    </button>
                     
          </Link>
</div>,
      },
      "ref": null,
      "rendered": Object {
        "instance": null,
        "key": undefined,
        "nodeType": "host",
        "props": Object {
          "children": Array [
            <ul
              id="roaster-list"
>
              
</ul>,
            <Link
              replace={false}
              to="coffee-form"
>
               
              <button
                            className="new-coffee"
              >
                            + NEW COFFEE
              </button>
               
</Link>,
          ],
          "className": "roaster-card",
        },
        "ref": null,
        "rendered": Array [
          Object {
            "instance": null,
            "key": undefined,
            "nodeType": "host",
            "props": Object {
              "children": Array [],
              "id": "roaster-list",
            },
            "ref": null,
            "rendered": Array [],
            "type": "ul",
          },
          Object {
            "instance": null,
            "key": undefined,
            "nodeType": "class",
            "props": Object {
              "children": Array [
                " ",
                <button
                  className="new-coffee"
>
                  + NEW COFFEE
</button>,
                " ",
              ],
              "replace": false,
              "to": "coffee-form",
            },
            "ref": null,
            "rendered": Array [
              " ",
              Object {
                "instance": null,
                "key": undefined,
                "nodeType": "host",
                "props": Object {
                  "children": "+ NEW COFFEE",
                  "className": "new-coffee",
                },
                "ref": null,
                "rendered": "+ NEW COFFEE",
                "type": "button",
              },
              " ",
            ],
            "type": [Function],
          },
        ],
        "type": "div",
      },
      "type": "div",
    },
  ],
  Symbol(enzyme.__options__): Object {
    "adapter": ReactSixteenAdapter {
      "options": Object {
        "enableComponentDidUpdateOnSetState": true,
      },
    },
  },
}
`;
