// Jest Snapshot v1, https://goo.gl/fbAQLP

exports[`Header should exist 1`] = `
ShallowWrapper {
  "length": 1,
  Symbol(enzyme.__root__): [Circular],
  Symbol(enzyme.__unrendered__): <Unknown />,
  Symbol(enzyme.__renderer__): Object {
    "batchedUpdates": [Function],
    "getNode": [Function],
    "render": [Function],
    "simulateEvent": [Function],
    "unmount": [Function],
  },
  Symbol(enzyme.__node__): Object {
    "instance": null,
    "key": undefined,
    "nodeType": "host",
    "props": Object {
      "children": <div
        className="header-desktop"
>
        <img
                className="header-logo"
                src="header-logo.svg"
        />
        <div>
                <NavLink
                        activeClassName="active"
                        ariaCurrent="true"
                        to="/form"
                >
                        <h3
                                className="nav"
                        >
                                ADD ROASTER
                        </h3>
                </NavLink>
                <NavLink
                        activeClassName="active"
                        ariaCurrent="true"
                        to="/current-roasters"
                >
                        <h3
                                className="nav"
                        >
                                DISPLAY ROASTERS
                        </h3>
                </NavLink>
        </div>
        <NavLink
                activeClassName="active"
                ariaCurrent="true"
                to="/"
        >
                <h3
                        className="nav"
                >
                        HOME
                </h3>
        </NavLink>
</div>,
    },
    "ref": null,
    "rendered": Object {
      "instance": null,
      "key": undefined,
      "nodeType": "host",
      "props": Object {
        "children": Array [
          <img
            className="header-logo"
            src="header-logo.svg"
/>,
          <div>
            <NavLink
                        activeClassName="active"
                        ariaCurrent="true"
                        to="/form"
            >
                        <h3
                                    className="nav"
                        >
                                    ADD ROASTER
                        </h3>
            </NavLink>
            <NavLink
                        activeClassName="active"
                        ariaCurrent="true"
                        to="/current-roasters"
            >
                        <h3
                                    className="nav"
                        >
                                    DISPLAY ROASTERS
                        </h3>
            </NavLink>
</div>,
          <NavLink
            activeClassName="active"
            ariaCurrent="true"
            to="/"
>
            <h3
                        className="nav"
            >
                        HOME
            </h3>
</NavLink>,
        ],
        "className": "header-desktop",
      },
      "ref": null,
      "rendered": Array [
        Object {
          "instance": null,
          "key": undefined,
          "nodeType": "host",
          "props": Object {
            "className": "header-logo",
            "src": "header-logo.svg",
          },
          "ref": null,
          "rendered": null,
          "type": "img",
        },
        Object {
          "instance": null,
          "key": undefined,
          "nodeType": "host",
          "props": Object {
            "children": Array [
              <NavLink
                activeClassName="active"
                ariaCurrent="true"
                to="/form"
>
                <h3
                                className="nav"
                >
                                ADD ROASTER
                </h3>
</NavLink>,
              <NavLink
                activeClassName="active"
                ariaCurrent="true"
                to="/current-roasters"
>
                <h3
                                className="nav"
                >
                                DISPLAY ROASTERS
                </h3>
</NavLink>,
            ],
          },
          "ref": null,
          "rendered": Array [
            Object {
              "instance": null,
              "key": undefined,
              "nodeType": "function",
              "props": Object {
                "activeClassName": "active",
                "ariaCurrent": "true",
                "children": <h3
                  className="nav"
>
                  ADD ROASTER
</h3>,
                "to": "/form",
              },
              "ref": null,
              "rendered": Object {
                "instance": null,
                "key": undefined,
                "nodeType": "host",
                "props": Object {
                  "children": "ADD ROASTER",
                  "className": "nav",
                },
                "ref": null,
                "rendered": "ADD ROASTER",
                "type": "h3",
              },
              "type": [Function],
            },
            Object {
              "instance": null,
              "key": undefined,
              "nodeType": "function",
              "props": Object {
                "activeClassName": "active",
                "ariaCurrent": "true",
                "children": <h3
                  className="nav"
>
                  DISPLAY ROASTERS
</h3>,
                "to": "/current-roasters",
              },
              "ref": null,
              "rendered": Object {
                "instance": null,
                "key": undefined,
                "nodeType": "host",
                "props": Object {
                  "children": "DISPLAY ROASTERS",
                  "className": "nav",
                },
                "ref": null,
                "rendered": "DISPLAY ROASTERS",
                "type": "h3",
              },
              "type": [Function],
            },
          ],
          "type": "div",
        },
        Object {
          "instance": null,
          "key": undefined,
          "nodeType": "function",
          "props": Object {
            "activeClassName": "active",
            "ariaCurrent": "true",
            "children": <h3
              className="nav"
>
              HOME
</h3>,
            "to": "/",
          },
          "ref": null,
          "rendered": Object {
            "instance": null,
            "key": undefined,
            "nodeType": "host",
            "props": Object {
              "children": "HOME",
              "className": "nav",
            },
            "ref": null,
            "rendered": "HOME",
            "type": "h3",
          },
          "type": [Function],
        },
      ],
      "type": "div",
    },
    "type": "div",
  },
  Symbol(enzyme.__nodes__): Array [
    Object {
      "instance": null,
      "key": undefined,
      "nodeType": "host",
      "props": Object {
        "children": <div
          className="header-desktop"
>
          <img
                    className="header-logo"
                    src="header-logo.svg"
          />
          <div>
                    <NavLink
                              activeClassName="active"
                              ariaCurrent="true"
                              to="/form"
                    >
                              <h3
                                        className="nav"
                              >
                                        ADD ROASTER
                              </h3>
                    </NavLink>
                    <NavLink
                              activeClassName="active"
                              ariaCurrent="true"
                              to="/current-roasters"
                    >
                              <h3
                                        className="nav"
                              >
                                        DISPLAY ROASTERS
                              </h3>
                    </NavLink>
          </div>
          <NavLink
                    activeClassName="active"
                    ariaCurrent="true"
                    to="/"
          >
                    <h3
                              className="nav"
                    >
                              HOME
                    </h3>
          </NavLink>
</div>,
      },
      "ref": null,
      "rendered": Object {
        "instance": null,
        "key": undefined,
        "nodeType": "host",
        "props": Object {
          "children": Array [
            <img
              className="header-logo"
              src="header-logo.svg"
/>,
            <div>
              <NavLink
                            activeClassName="active"
                            ariaCurrent="true"
                            to="/form"
              >
                            <h3
                                          className="nav"
                            >
                                          ADD ROASTER
                            </h3>
              </NavLink>
              <NavLink
                            activeClassName="active"
                            ariaCurrent="true"
                            to="/current-roasters"
              >
                            <h3
                                          className="nav"
                            >
                                          DISPLAY ROASTERS
                            </h3>
              </NavLink>
</div>,
            <NavLink
              activeClassName="active"
              ariaCurrent="true"
              to="/"
>
              <h3
                            className="nav"
              >
                            HOME
              </h3>
</NavLink>,
          ],
          "className": "header-desktop",
        },
        "ref": null,
        "rendered": Array [
          Object {
            "instance": null,
            "key": undefined,
            "nodeType": "host",
            "props": Object {
              "className": "header-logo",
              "src": "header-logo.svg",
            },
            "ref": null,
            "rendered": null,
            "type": "img",
          },
          Object {
            "instance": null,
            "key": undefined,
            "nodeType": "host",
            "props": Object {
              "children": Array [
                <NavLink
                  activeClassName="active"
                  ariaCurrent="true"
                  to="/form"
>
                  <h3
                                    className="nav"
                  >
                                    ADD ROASTER
                  </h3>
</NavLink>,
                <NavLink
                  activeClassName="active"
                  ariaCurrent="true"
                  to="/current-roasters"
>
                  <h3
                                    className="nav"
                  >
                                    DISPLAY ROASTERS
                  </h3>
</NavLink>,
              ],
            },
            "ref": null,
            "rendered": Array [
              Object {
                "instance": null,
                "key": undefined,
                "nodeType": "function",
                "props": Object {
                  "activeClassName": "active",
                  "ariaCurrent": "true",
                  "children": <h3
                    className="nav"
>
                    ADD ROASTER
</h3>,
                  "to": "/form",
                },
                "ref": null,
                "rendered": Object {
                  "instance": null,
                  "key": undefined,
                  "nodeType": "host",
                  "props": Object {
                    "children": "ADD ROASTER",
                    "className": "nav",
                  },
                  "ref": null,
                  "rendered": "ADD ROASTER",
                  "type": "h3",
                },
                "type": [Function],
              },
              Object {
                "instance": null,
                "key": undefined,
                "nodeType": "function",
                "props": Object {
                  "activeClassName": "active",
                  "ariaCurrent": "true",
                  "children": <h3
                    className="nav"
>
                    DISPLAY ROASTERS
</h3>,
                  "to": "/current-roasters",
                },
                "ref": null,
                "rendered": Object {
                  "instance": null,
                  "key": undefined,
                  "nodeType": "host",
                  "props": Object {
                    "children": "DISPLAY ROASTERS",
                    "className": "nav",
                  },
                  "ref": null,
                  "rendered": "DISPLAY ROASTERS",
                  "type": "h3",
                },
                "type": [Function],
              },
            ],
            "type": "div",
          },
          Object {
            "instance": null,
            "key": undefined,
            "nodeType": "function",
            "props": Object {
              "activeClassName": "active",
              "ariaCurrent": "true",
              "children": <h3
                className="nav"
>
                HOME
</h3>,
              "to": "/",
            },
            "ref": null,
            "rendered": Object {
              "instance": null,
              "key": undefined,
              "nodeType": "host",
              "props": Object {
                "children": "HOME",
                "className": "nav",
              },
              "ref": null,
              "rendered": "HOME",
              "type": "h3",
            },
            "type": [Function],
          },
        ],
        "type": "div",
      },
      "type": "div",
    },
  ],
  Symbol(enzyme.__options__): Object {
    "adapter": ReactSixteenAdapter {
      "options": Object {
        "enableComponentDidUpdateOnSetState": true,
      },
    },
  },
}
`;
