// Jest Snapshot v1, https://goo.gl/fbAQLP

exports[`CardContainer should render correctly 1`] = `
ShallowWrapper {
  "length": 1,
  Symbol(enzyme.__root__): [Circular],
  Symbol(enzyme.__unrendered__): <CardContainer
    roasters={
        Array [
            Object {
              "altitude": "5280",
              "contact": "dom",
              "email": "dom@corvus.com",
              "equipment": "drum",
              "location": "Denver",
              "name": "Corvus",
              "userId": "71yYVDRUpOO8BR5153LMNCOmrV52",
              "water": "calcium",
            },
            Object {
              "altitude": "5360",
              "contact": "charles",
              "email": "charles@boxcar.com",
              "equipment": "drum",
              "location": "Boulder",
              "name": "Boxcar",
              "userId": "71yYVDRUpOO8BR5153LMNCOmrV52",
              "water": "calcium, flouride",
            },
          ]
    }
/>,
  Symbol(enzyme.__renderer__): Object {
    "batchedUpdates": [Function],
    "getNode": [Function],
    "render": [Function],
    "simulateEvent": [Function],
    "unmount": [Function],
  },
  Symbol(enzyme.__node__): Object {
    "instance": null,
    "key": undefined,
    "nodeType": "host",
    "props": Object {
      "children": Array [
        <h1>
           ROASTERS 
</h1>,
        <input
          className="search"
          placeholder="SEARCH"
          type="text"
/>,
        <NavLink
          activeClassName="active"
          ariaCurrent="true"
          className="addButton"
          to="/form"
>
          <HoverImage
                    className="addButton"
                    hoverSrc="add-hover.svg"
                    src="add.svg"
          />
</NavLink>,
        <h3
          className="add"
>
          ADD NEW
</h3>,
        <div
          className="card-section"
>
          <Unknown
                    altitude="5280"
                    contact="dom"
                    email="dom@corvus.com"
                    equipment="drum"
                    location="Denver"
                    name="Corvus"
                    userId="71yYVDRUpOO8BR5153LMNCOmrV52"
                    water="calcium"
          />
          <Unknown
                    altitude="5360"
                    contact="charles"
                    email="charles@boxcar.com"
                    equipment="drum"
                    location="Boulder"
                    name="Boxcar"
                    userId="71yYVDRUpOO8BR5153LMNCOmrV52"
                    water="calcium, flouride"
          />
</div>,
      ],
    },
    "ref": null,
    "rendered": Array [
      Object {
        "instance": null,
        "key": undefined,
        "nodeType": "host",
        "props": Object {
          "children": " ROASTERS ",
        },
        "ref": null,
        "rendered": " ROASTERS ",
        "type": "h1",
      },
      Object {
        "instance": null,
        "key": undefined,
        "nodeType": "host",
        "props": Object {
          "className": "search",
          "placeholder": "SEARCH",
          "type": "text",
        },
        "ref": null,
        "rendered": null,
        "type": "input",
      },
      Object {
        "instance": null,
        "key": undefined,
        "nodeType": "function",
        "props": Object {
          "activeClassName": "active",
          "ariaCurrent": "true",
          "children": <HoverImage
            className="addButton"
            hoverSrc="add-hover.svg"
            src="add.svg"
/>,
          "className": "addButton",
          "to": "/form",
        },
        "ref": null,
        "rendered": Object {
          "instance": null,
          "key": undefined,
          "nodeType": "class",
          "props": Object {
            "className": "addButton",
            "hoverSrc": "add-hover.svg",
            "src": "add.svg",
          },
          "ref": null,
          "rendered": null,
          "type": [Function],
        },
        "type": [Function],
      },
      Object {
        "instance": null,
        "key": undefined,
        "nodeType": "host",
        "props": Object {
          "children": "ADD NEW",
          "className": "add",
        },
        "ref": null,
        "rendered": "ADD NEW",
        "type": "h3",
      },
      Object {
        "instance": null,
        "key": undefined,
        "nodeType": "host",
        "props": Object {
          "children": Array [
            <Unknown
              altitude="5280"
              contact="dom"
              email="dom@corvus.com"
              equipment="drum"
              location="Denver"
              name="Corvus"
              userId="71yYVDRUpOO8BR5153LMNCOmrV52"
              water="calcium"
/>,
            <Unknown
              altitude="5360"
              contact="charles"
              email="charles@boxcar.com"
              equipment="drum"
              location="Boulder"
              name="Boxcar"
              userId="71yYVDRUpOO8BR5153LMNCOmrV52"
              water="calcium, flouride"
/>,
          ],
          "className": "card-section",
        },
        "ref": null,
        "rendered": Array [
          Object {
            "instance": null,
            "key": "0",
            "nodeType": "function",
            "props": Object {
              "altitude": "5280",
              "contact": "dom",
              "email": "dom@corvus.com",
              "equipment": "drum",
              "location": "Denver",
              "name": "Corvus",
              "userId": "71yYVDRUpOO8BR5153LMNCOmrV52",
              "water": "calcium",
            },
            "ref": null,
            "rendered": null,
            "type": [Function],
          },
          Object {
            "instance": null,
            "key": "1",
            "nodeType": "function",
            "props": Object {
              "altitude": "5360",
              "contact": "charles",
              "email": "charles@boxcar.com",
              "equipment": "drum",
              "location": "Boulder",
              "name": "Boxcar",
              "userId": "71yYVDRUpOO8BR5153LMNCOmrV52",
              "water": "calcium, flouride",
            },
            "ref": null,
            "rendered": null,
            "type": [Function],
          },
        ],
        "type": "div",
      },
    ],
    "type": "div",
  },
  Symbol(enzyme.__nodes__): Array [
    Object {
      "instance": null,
      "key": undefined,
      "nodeType": "host",
      "props": Object {
        "children": Array [
          <h1>
             ROASTERS 
</h1>,
          <input
            className="search"
            placeholder="SEARCH"
            type="text"
/>,
          <NavLink
            activeClassName="active"
            ariaCurrent="true"
            className="addButton"
            to="/form"
>
            <HoverImage
                        className="addButton"
                        hoverSrc="add-hover.svg"
                        src="add.svg"
            />
</NavLink>,
          <h3
            className="add"
>
            ADD NEW
</h3>,
          <div
            className="card-section"
>
            <Unknown
                        altitude="5280"
                        contact="dom"
                        email="dom@corvus.com"
                        equipment="drum"
                        location="Denver"
                        name="Corvus"
                        userId="71yYVDRUpOO8BR5153LMNCOmrV52"
                        water="calcium"
            />
            <Unknown
                        altitude="5360"
                        contact="charles"
                        email="charles@boxcar.com"
                        equipment="drum"
                        location="Boulder"
                        name="Boxcar"
                        userId="71yYVDRUpOO8BR5153LMNCOmrV52"
                        water="calcium, flouride"
            />
</div>,
        ],
      },
      "ref": null,
      "rendered": Array [
        Object {
          "instance": null,
          "key": undefined,
          "nodeType": "host",
          "props": Object {
            "children": " ROASTERS ",
          },
          "ref": null,
          "rendered": " ROASTERS ",
          "type": "h1",
        },
        Object {
          "instance": null,
          "key": undefined,
          "nodeType": "host",
          "props": Object {
            "className": "search",
            "placeholder": "SEARCH",
            "type": "text",
          },
          "ref": null,
          "rendered": null,
          "type": "input",
        },
        Object {
          "instance": null,
          "key": undefined,
          "nodeType": "function",
          "props": Object {
            "activeClassName": "active",
            "ariaCurrent": "true",
            "children": <HoverImage
              className="addButton"
              hoverSrc="add-hover.svg"
              src="add.svg"
/>,
            "className": "addButton",
            "to": "/form",
          },
          "ref": null,
          "rendered": Object {
            "instance": null,
            "key": undefined,
            "nodeType": "class",
            "props": Object {
              "className": "addButton",
              "hoverSrc": "add-hover.svg",
              "src": "add.svg",
            },
            "ref": null,
            "rendered": null,
            "type": [Function],
          },
          "type": [Function],
        },
        Object {
          "instance": null,
          "key": undefined,
          "nodeType": "host",
          "props": Object {
            "children": "ADD NEW",
            "className": "add",
          },
          "ref": null,
          "rendered": "ADD NEW",
          "type": "h3",
        },
        Object {
          "instance": null,
          "key": undefined,
          "nodeType": "host",
          "props": Object {
            "children": Array [
              <Unknown
                altitude="5280"
                contact="dom"
                email="dom@corvus.com"
                equipment="drum"
                location="Denver"
                name="Corvus"
                userId="71yYVDRUpOO8BR5153LMNCOmrV52"
                water="calcium"
/>,
              <Unknown
                altitude="5360"
                contact="charles"
                email="charles@boxcar.com"
                equipment="drum"
                location="Boulder"
                name="Boxcar"
                userId="71yYVDRUpOO8BR5153LMNCOmrV52"
                water="calcium, flouride"
/>,
            ],
            "className": "card-section",
          },
          "ref": null,
          "rendered": Array [
            Object {
              "instance": null,
              "key": "0",
              "nodeType": "function",
              "props": Object {
                "altitude": "5280",
                "contact": "dom",
                "email": "dom@corvus.com",
                "equipment": "drum",
                "location": "Denver",
                "name": "Corvus",
                "userId": "71yYVDRUpOO8BR5153LMNCOmrV52",
                "water": "calcium",
              },
              "ref": null,
              "rendered": null,
              "type": [Function],
            },
            Object {
              "instance": null,
              "key": "1",
              "nodeType": "function",
              "props": Object {
                "altitude": "5360",
                "contact": "charles",
                "email": "charles@boxcar.com",
                "equipment": "drum",
                "location": "Boulder",
                "name": "Boxcar",
                "userId": "71yYVDRUpOO8BR5153LMNCOmrV52",
                "water": "calcium, flouride",
              },
              "ref": null,
              "rendered": null,
              "type": [Function],
            },
          ],
          "type": "div",
        },
      ],
      "type": "div",
    },
  ],
  Symbol(enzyme.__options__): Object {
    "adapter": ReactSixteenAdapter {
      "options": Object {
        "enableComponentDidUpdateOnSetState": true,
      },
    },
  },
}
`;
