// Jest Snapshot v1, https://goo.gl/fbAQLP

exports[`FormCard should exist 1`] = `
ShallowWrapper {
  "length": 1,
  Symbol(enzyme.__root__): [Circular],
  Symbol(enzyme.__unrendered__): <Unknown />,
  Symbol(enzyme.__renderer__): Object {
    "batchedUpdates": [Function],
    "getNode": [Function],
    "render": [Function],
    "simulateEvent": [Function],
    "unmount": [Function],
  },
  Symbol(enzyme.__node__): Object {
    "instance": null,
    "key": undefined,
    "nodeType": "host",
    "props": Object {
      "children": Array [
        <h3
          className="roaster-name"
>
           
           
</h3>,
        <ul
          id="roaster-list"
>
          <li>
                     Overall Score: 
                     
          </li>
          <li>
                     Region: 
                     
          </li>
          <li>
                     Acidity: 
                     
          </li>
          <li>
                     Body: 
                     
          </li>
          <li>
                     Sweetness: 
                     
          </li>
          <li>
                     Tactile: 
                     
          </li>
</ul>,
      ],
      "className": "roaster-card",
    },
    "ref": null,
    "rendered": Array [
      Object {
        "instance": null,
        "key": undefined,
        "nodeType": "host",
        "props": Object {
          "children": Array [
            " ",
            undefined,
            " ",
          ],
          "className": "roaster-name",
        },
        "ref": null,
        "rendered": Array [
          " ",
          undefined,
          " ",
        ],
        "type": "h3",
      },
      Object {
        "instance": null,
        "key": undefined,
        "nodeType": "host",
        "props": Object {
          "children": Array [
            <li>
               Overall Score: 
               
</li>,
            <li>
               Region: 
               
</li>,
            <li>
               Acidity: 
               
</li>,
            <li>
               Body: 
               
</li>,
            <li>
               Sweetness: 
               
</li>,
            <li>
               Tactile: 
               
</li>,
          ],
          "id": "roaster-list",
        },
        "ref": null,
        "rendered": Array [
          Object {
            "instance": null,
            "key": undefined,
            "nodeType": "host",
            "props": Object {
              "children": Array [
                " Overall Score: ",
                undefined,
                " ",
              ],
            },
            "ref": null,
            "rendered": Array [
              " Overall Score: ",
              undefined,
              " ",
            ],
            "type": "li",
          },
          Object {
            "instance": null,
            "key": undefined,
            "nodeType": "host",
            "props": Object {
              "children": Array [
                " Region: ",
                undefined,
                " ",
              ],
            },
            "ref": null,
            "rendered": Array [
              " Region: ",
              undefined,
              " ",
            ],
            "type": "li",
          },
          Object {
            "instance": null,
            "key": undefined,
            "nodeType": "host",
            "props": Object {
              "children": Array [
                " Acidity: ",
                undefined,
                " ",
              ],
            },
            "ref": null,
            "rendered": Array [
              " Acidity: ",
              undefined,
              " ",
            ],
            "type": "li",
          },
          Object {
            "instance": null,
            "key": undefined,
            "nodeType": "host",
            "props": Object {
              "children": Array [
                " Body: ",
                undefined,
                " ",
              ],
            },
            "ref": null,
            "rendered": Array [
              " Body: ",
              undefined,
              " ",
            ],
            "type": "li",
          },
          Object {
            "instance": null,
            "key": undefined,
            "nodeType": "host",
            "props": Object {
              "children": Array [
                " Sweetness: ",
                undefined,
                " ",
              ],
            },
            "ref": null,
            "rendered": Array [
              " Sweetness: ",
              undefined,
              " ",
            ],
            "type": "li",
          },
          Object {
            "instance": null,
            "key": undefined,
            "nodeType": "host",
            "props": Object {
              "children": Array [
                " Tactile: ",
                undefined,
                " ",
              ],
            },
            "ref": null,
            "rendered": Array [
              " Tactile: ",
              undefined,
              " ",
            ],
            "type": "li",
          },
        ],
        "type": "ul",
      },
    ],
    "type": "div",
  },
  Symbol(enzyme.__nodes__): Array [
    Object {
      "instance": null,
      "key": undefined,
      "nodeType": "host",
      "props": Object {
        "children": Array [
          <h3
            className="roaster-name"
>
             
             
</h3>,
          <ul
            id="roaster-list"
>
            <li>
                         Overall Score: 
                         
            </li>
            <li>
                         Region: 
                         
            </li>
            <li>
                         Acidity: 
                         
            </li>
            <li>
                         Body: 
                         
            </li>
            <li>
                         Sweetness: 
                         
            </li>
            <li>
                         Tactile: 
                         
            </li>
</ul>,
        ],
        "className": "roaster-card",
      },
      "ref": null,
      "rendered": Array [
        Object {
          "instance": null,
          "key": undefined,
          "nodeType": "host",
          "props": Object {
            "children": Array [
              " ",
              undefined,
              " ",
            ],
            "className": "roaster-name",
          },
          "ref": null,
          "rendered": Array [
            " ",
            undefined,
            " ",
          ],
          "type": "h3",
        },
        Object {
          "instance": null,
          "key": undefined,
          "nodeType": "host",
          "props": Object {
            "children": Array [
              <li>
                 Overall Score: 
                 
</li>,
              <li>
                 Region: 
                 
</li>,
              <li>
                 Acidity: 
                 
</li>,
              <li>
                 Body: 
                 
</li>,
              <li>
                 Sweetness: 
                 
</li>,
              <li>
                 Tactile: 
                 
</li>,
            ],
            "id": "roaster-list",
          },
          "ref": null,
          "rendered": Array [
            Object {
              "instance": null,
              "key": undefined,
              "nodeType": "host",
              "props": Object {
                "children": Array [
                  " Overall Score: ",
                  undefined,
                  " ",
                ],
              },
              "ref": null,
              "rendered": Array [
                " Overall Score: ",
                undefined,
                " ",
              ],
              "type": "li",
            },
            Object {
              "instance": null,
              "key": undefined,
              "nodeType": "host",
              "props": Object {
                "children": Array [
                  " Region: ",
                  undefined,
                  " ",
                ],
              },
              "ref": null,
              "rendered": Array [
                " Region: ",
                undefined,
                " ",
              ],
              "type": "li",
            },
            Object {
              "instance": null,
              "key": undefined,
              "nodeType": "host",
              "props": Object {
                "children": Array [
                  " Acidity: ",
                  undefined,
                  " ",
                ],
              },
              "ref": null,
              "rendered": Array [
                " Acidity: ",
                undefined,
                " ",
              ],
              "type": "li",
            },
            Object {
              "instance": null,
              "key": undefined,
              "nodeType": "host",
              "props": Object {
                "children": Array [
                  " Body: ",
                  undefined,
                  " ",
                ],
              },
              "ref": null,
              "rendered": Array [
                " Body: ",
                undefined,
                " ",
              ],
              "type": "li",
            },
            Object {
              "instance": null,
              "key": undefined,
              "nodeType": "host",
              "props": Object {
                "children": Array [
                  " Sweetness: ",
                  undefined,
                  " ",
                ],
              },
              "ref": null,
              "rendered": Array [
                " Sweetness: ",
                undefined,
                " ",
              ],
              "type": "li",
            },
            Object {
              "instance": null,
              "key": undefined,
              "nodeType": "host",
              "props": Object {
                "children": Array [
                  " Tactile: ",
                  undefined,
                  " ",
                ],
              },
              "ref": null,
              "rendered": Array [
                " Tactile: ",
                undefined,
                " ",
              ],
              "type": "li",
            },
          ],
          "type": "ul",
        },
      ],
      "type": "div",
    },
  ],
  Symbol(enzyme.__options__): Object {
    "adapter": ReactSixteenAdapter {
      "options": Object {
        "enableComponentDidUpdateOnSetState": true,
      },
    },
  },
}
`;
