// Jest Snapshot v1, https://goo.gl/fbAQLP

exports[`FormCard should exist 1`] = `
ShallowWrapper {
  "length": 1,
  Symbol(enzyme.__root__): [Circular],
  Symbol(enzyme.__unrendered__): <Unknown
    coffees={
        Array [
            Object {
              "roaster": "Corvus",
            },
          ]
    }
    name="Corvus"
/>,
  Symbol(enzyme.__renderer__): Object {
    "batchedUpdates": [Function],
    "getNode": [Function],
    "render": [Function],
    "simulateEvent": [Function],
    "unmount": [Function],
  },
  Symbol(enzyme.__node__): Object {
    "instance": null,
    "key": undefined,
    "nodeType": "host",
    "props": Object {
      "children": Array [
        <h1>
           
          Corvus
           
</h1>,
        <div
          className="form-container"
>
          <Unknown
                    roaster="Corvus"
          />
</div>,
      ],
    },
    "ref": null,
    "rendered": Array [
      Object {
        "instance": null,
        "key": undefined,
        "nodeType": "host",
        "props": Object {
          "children": Array [
            " ",
            "Corvus",
            " ",
          ],
        },
        "ref": null,
        "rendered": Array [
          " ",
          "Corvus",
          " ",
        ],
        "type": "h1",
      },
      Object {
        "instance": null,
        "key": undefined,
        "nodeType": "host",
        "props": Object {
          "children": Array [
            <Unknown
              roaster="Corvus"
/>,
          ],
          "className": "form-container",
        },
        "ref": null,
        "rendered": Array [
          Object {
            "instance": null,
            "key": "NaN",
            "nodeType": "function",
            "props": Object {
              "roaster": "Corvus",
            },
            "ref": null,
            "rendered": null,
            "type": [Function],
          },
        ],
        "type": "div",
      },
    ],
    "type": "div",
  },
  Symbol(enzyme.__nodes__): Array [
    Object {
      "instance": null,
      "key": undefined,
      "nodeType": "host",
      "props": Object {
        "children": Array [
          <h1>
             
            Corvus
             
</h1>,
          <div
            className="form-container"
>
            <Unknown
                        roaster="Corvus"
            />
</div>,
        ],
      },
      "ref": null,
      "rendered": Array [
        Object {
          "instance": null,
          "key": undefined,
          "nodeType": "host",
          "props": Object {
            "children": Array [
              " ",
              "Corvus",
              " ",
            ],
          },
          "ref": null,
          "rendered": Array [
            " ",
            "Corvus",
            " ",
          ],
          "type": "h1",
        },
        Object {
          "instance": null,
          "key": undefined,
          "nodeType": "host",
          "props": Object {
            "children": Array [
              <Unknown
                roaster="Corvus"
/>,
            ],
            "className": "form-container",
          },
          "ref": null,
          "rendered": Array [
            Object {
              "instance": null,
              "key": "NaN",
              "nodeType": "function",
              "props": Object {
                "roaster": "Corvus",
              },
              "ref": null,
              "rendered": null,
              "type": [Function],
            },
          ],
          "type": "div",
        },
      ],
      "type": "div",
    },
  ],
  Symbol(enzyme.__options__): Object {
    "adapter": ReactSixteenAdapter {
      "options": Object {
        "enableComponentDidUpdateOnSetState": true,
      },
    },
  },
}
`;
